// Jest Snapshot v1, https://goo.gl/fbAQLP

exports[`structure web adds files as expected 1`] = `
"
/Users/Rob_LaFeve/Dev/crema-toolbox/src/internal/tests/temp
â”œâ”€â”€ .eslintrc.js
â”œâ”€â”€ .github
|  â””â”€â”€ PULL_REQUEST_TEMPLATE.md
â”œâ”€â”€ .prettierrc.js
â”œâ”€â”€ public
|  â”œâ”€â”€ favicon.ico
|  â”œâ”€â”€ index.html
|  â””â”€â”€ manifest.json
â”œâ”€â”€ src
|  â”œâ”€â”€ assets
|  |  â””â”€â”€ crema-logo.svg
|  â”œâ”€â”€ components
|  |  â”œâ”€â”€ App
|  |  |  â”œâ”€â”€ README.md
|  |  |  â”œâ”€â”€ __snapshots__
|  |  |  |  â””â”€â”€ test.tsx.snap
|  |  |  â”œâ”€â”€ index.css
|  |  |  â”œâ”€â”€ index.tsx
|  |  |  â”œâ”€â”€ stories.tsx
|  |  |  â””â”€â”€ test.tsx
|  |  â””â”€â”€ Initializer
|  |     â”œâ”€â”€ README.md
|  |     â”œâ”€â”€ __snapshots__
|  |     |  â””â”€â”€ test.tsx.snap
|  |     â”œâ”€â”€ index.tsx
|  |     â””â”€â”€ test.tsx
|  â”œâ”€â”€ crema-toolbox-env.d.ts
|  â”œâ”€â”€ index.css
|  â”œâ”€â”€ index.tsx
|  â”œâ”€â”€ serviceWorker.ts
|  â”œâ”€â”€ state
|  |  â”œâ”€â”€ actions
|  |  |  â”œâ”€â”€ actionTodoAdd.ts
|  |  |  â”œâ”€â”€ actionTodoRemove.ts
|  |  |  â””â”€â”€ actionTodoUpdate.ts
|  |  â”œâ”€â”€ index.ts
|  |  â””â”€â”€ reducers
|  |     â”œâ”€â”€ index.ts
|  |     â””â”€â”€ reducerTodos
|  |        â”œâ”€â”€ __snapshots__
|  |        |  â””â”€â”€ test.ts.stnap
|  |        â”œâ”€â”€ index.ts
|  |        â””â”€â”€ test.ts
|  â””â”€â”€ types
|     â”œâ”€â”€ ActionType.ts
|     â”œâ”€â”€ EntityTodo.ts
|     â”œâ”€â”€ State.ts
|     â””â”€â”€ Todo.ts
â””â”€â”€ tsconfig.json

directory: 15 file: 34 

[2K[1G"
`;

exports[`structure web content of .prettierrc.js is correct 1`] = `
"module.exports = {
  semi: false,
  singleQuote: false,
  tabWidth: 2,
  trailingComma: \\"all\\",
}
"
`;

exports[`structure web content of crema-toolbox-env.d.ts is correct 1`] = `
"/// <reference types=\\"crema-toolbox\\" />
"
`;
